Archive member included to satisfy reference by file (symbol)

/usr/lib/gcc/avr/9.2.0/../../../../avr/lib/avr5/libm.a(addsf3.o)
                              main.o (__addsf3)
/usr/lib/gcc/avr/9.2.0/../../../../avr/lib/avr5/libm.a(addsf3x.o)
                              /usr/lib/gcc/avr/9.2.0/../../../../avr/lib/avr5/libm.a(addsf3.o) (__addsf3x)
/usr/lib/gcc/avr/9.2.0/../../../../avr/lib/avr5/libm.a(cmpsf2.o)
                              main.o (__eqsf2)
/usr/lib/gcc/avr/9.2.0/../../../../avr/lib/avr5/libm.a(divsf3.o)
                              main.o (__divsf3)
/usr/lib/gcc/avr/9.2.0/../../../../avr/lib/avr5/libm.a(divsf3x.o)
                              /usr/lib/gcc/avr/9.2.0/../../../../avr/lib/avr5/libm.a(divsf3.o) (__divsf3x)
/usr/lib/gcc/avr/9.2.0/../../../../avr/lib/avr5/libm.a(floatsisf.o)
                              main.o (__floatunsisf)
/usr/lib/gcc/avr/9.2.0/../../../../avr/lib/avr5/libm.a(fp_cmp.o)
                              /usr/lib/gcc/avr/9.2.0/../../../../avr/lib/avr5/libm.a(cmpsf2.o) (__fp_cmp)
/usr/lib/gcc/avr/9.2.0/../../../../avr/lib/avr5/libm.a(fp_inf.o)
                              /usr/lib/gcc/avr/9.2.0/../../../../avr/lib/avr5/libm.a(addsf3x.o) (__fp_inf)
/usr/lib/gcc/avr/9.2.0/../../../../avr/lib/avr5/libm.a(fp_nan.o)
                              /usr/lib/gcc/avr/9.2.0/../../../../avr/lib/avr5/libm.a(addsf3x.o) (__fp_nan)
/usr/lib/gcc/avr/9.2.0/../../../../avr/lib/avr5/libm.a(fp_pscA.o)
                              /usr/lib/gcc/avr/9.2.0/../../../../avr/lib/avr5/libm.a(addsf3x.o) (__fp_pscA)
/usr/lib/gcc/avr/9.2.0/../../../../avr/lib/avr5/libm.a(fp_pscB.o)
                              /usr/lib/gcc/avr/9.2.0/../../../../avr/lib/avr5/libm.a(addsf3x.o) (__fp_pscB)
/usr/lib/gcc/avr/9.2.0/../../../../avr/lib/avr5/libm.a(fp_round.o)
                              /usr/lib/gcc/avr/9.2.0/../../../../avr/lib/avr5/libm.a(addsf3.o) (__fp_round)
/usr/lib/gcc/avr/9.2.0/../../../../avr/lib/avr5/libm.a(fp_split3.o)
                              /usr/lib/gcc/avr/9.2.0/../../../../avr/lib/avr5/libm.a(addsf3x.o) (__fp_split3)
/usr/lib/gcc/avr/9.2.0/../../../../avr/lib/avr5/libm.a(fp_zero.o)
                              /usr/lib/gcc/avr/9.2.0/../../../../avr/lib/avr5/libm.a(addsf3x.o) (__fp_zero)
../../lib_dir/libcommune.a(can.o)
                              main.o (_ZN3canC1Ev)
../../lib_dir/libcommune.a(RS232.o)
                              main.o (_Z24transmissionMessageUSARTPch)
../../lib_dir/libcommune.a(Timer1.o)
                              main.o (_Z9stopTimerv)
../../lib_dir/libcommune.a(Option2.o)
                              main.o (_Z17configurerOption2v)
../../lib_dir/libcommune.a(Horloge.o)
                              main.o (_Z10resetClockv)
../../lib_dir/libcommune.a(customprocs.o)
                              main.o (_Z10cp_wait_msj)
../../lib_dir/libcommune.a(Interruption.o)
                              main.o (_Z28intialisationBoutonInterrupt15BoutonInterrupt)
../../lib_dir/libcommune.a(clavier_lib.o)
                              main.o (_Z14LectureClavierPhh)
../../lib_dir/libcommune.a(lcm_so1602dtr_m_fw.o)
                              main.o (_ZN3LCMC1EPVhS1_)
../../lib_dir/libcommune.a(Sonar.o)
                              main.o (_Z11countTimer0h)
../../lib_dir/libcommune.a(action_lib.o)
                              main.o (_ZN6ActionC1Ev)
../../lib_dir/libcommune.a(ServoMoteur.o)
                              ../../lib_dir/libcommune.a(Option2.o) (_Z21pwmTimer2InitForSErvo10PorteServod)
../../lib_dir/libcommune.a(PWM.o)
                              ../../lib_dir/libcommune.a(Horloge.o) (_Z11PWMMateriel9ModeTimer9Prescaler11ModeCompare)
../../lib_dir/libcommune.a(Projet.o)
                              main.o (_Z19minutesToTimeFormatdRj)
../../lib_dir/libcommune.a(barresDEL.o)
                              ../../lib_dir/libcommune.a(Option2.o) (_Z17changerEtatsPorteRKhS0_)
../../lib_dir/libcommune.a(lcm_so1602dtr_m.o)
                              ../../lib_dir/libcommune.a(lcm_so1602dtr_m_fw.o) (_Z15lcmd_disp_clearPVh)
../../lib_dir/libcommune.a(Tableaux.o)
                              ../../lib_dir/libcommune.a(clavier_lib.o) (_Z14uint8ToTabCharPch)
/usr/lib/gcc/avr/9.2.0/avr5/libgcc.a(_udivmodqi4.o)
                              ../../lib_dir/libcommune.a(action_lib.o) (__udivmodqi4)
/usr/lib/gcc/avr/9.2.0/avr5/libgcc.a(_udivmodhi4.o)
                              ../../lib_dir/libcommune.a(customprocs.o) (__udivmodhi4)
/usr/lib/gcc/avr/9.2.0/avr5/libgcc.a(_divmodhi4.o)
                              main.o (__divmodhi4)
/usr/lib/gcc/avr/9.2.0/avr5/libgcc.a(_exit.o)
                              /usr/lib/gcc/avr/9.2.0/../../../../avr/lib/avr5/crtatmega324pa.o (exit)
/usr/lib/gcc/avr/9.2.0/avr5/libgcc.a(_copy_data.o)
                              main.o (__do_copy_data)
/usr/lib/gcc/avr/9.2.0/avr5/libgcc.a(_clear_bss.o)
                              main.o (__do_clear_bss)
/usr/lib/gcc/avr/9.2.0/avr5/libgcc.a(_ctors.o)
                              main.o (__do_global_ctors)
/usr/lib/gcc/avr/9.2.0/avr5/libgcc.a(_dtors.o)
                              main.o (__do_global_dtors)
/usr/lib/gcc/avr/9.2.0/avr5/libgcc.a(_tablejump2.o)
                              /usr/lib/gcc/avr/9.2.0/avr5/libgcc.a(_ctors.o) (__tablejump2__)
/usr/lib/gcc/avr/9.2.0/../../../../avr/lib/avr5/libm.a(fixunssfsi.o)
                              ../../lib_dir/libcommune.a(Horloge.o) (__fixunssfsi)
/usr/lib/gcc/avr/9.2.0/../../../../avr/lib/avr5/libm.a(gesf2.o)
                              ../../lib_dir/libcommune.a(Option2.o) (__gtsf2)
/usr/lib/gcc/avr/9.2.0/../../../../avr/lib/avr5/libm.a(mulsf3.o)
                              ../../lib_dir/libcommune.a(ServoMoteur.o) (__mulsf3)
/usr/lib/gcc/avr/9.2.0/../../../../avr/lib/avr5/libm.a(mulsf3x.o)
                              /usr/lib/gcc/avr/9.2.0/../../../../avr/lib/avr5/libm.a(mulsf3.o) (__mulsf3x)
/usr/lib/gcc/avr/9.2.0/../../../../avr/lib/avr5/libm.a(pow.o)
                              ../../lib_dir/libcommune.a(Tableaux.o) (pow)
/usr/lib/gcc/avr/9.2.0/../../../../avr/lib/avr5/libm.a(exp.o)
                              /usr/lib/gcc/avr/9.2.0/../../../../avr/lib/avr5/libm.a(pow.o) (exp)
/usr/lib/gcc/avr/9.2.0/../../../../avr/lib/avr5/libm.a(fp_powser.o)
                              /usr/lib/gcc/avr/9.2.0/../../../../avr/lib/avr5/libm.a(exp.o) (__fp_powser)
/usr/lib/gcc/avr/9.2.0/../../../../avr/lib/avr5/libm.a(inverse.o)
                              /usr/lib/gcc/avr/9.2.0/../../../../avr/lib/avr5/libm.a(exp.o) (inverse)
/usr/lib/gcc/avr/9.2.0/../../../../avr/lib/avr5/libm.a(ldexp.o)
                              /usr/lib/gcc/avr/9.2.0/../../../../avr/lib/avr5/libm.a(exp.o) (ldexp)
/usr/lib/gcc/avr/9.2.0/../../../../avr/lib/avr5/libm.a(log.o)
                              /usr/lib/gcc/avr/9.2.0/../../../../avr/lib/avr5/libm.a(pow.o) (log)
/usr/lib/gcc/avr/9.2.0/../../../../avr/lib/avr5/libm.a(modf.o)
                              /usr/lib/gcc/avr/9.2.0/../../../../avr/lib/avr5/libm.a(exp.o) (modf)
/usr/lib/gcc/avr/9.2.0/../../../../avr/lib/avr5/libm.a(fp_mpack.o)
                              /usr/lib/gcc/avr/9.2.0/../../../../avr/lib/avr5/libm.a(ldexp.o) (__fp_mpack)
/usr/lib/gcc/avr/9.2.0/../../../../avr/lib/avr5/libc.a(malloc.o)
                              ../../lib_dir/libcommune.a(lcm_so1602dtr_m_fw.o) (malloc)
/usr/lib/gcc/avr/9.2.0/../../../../avr/lib/avr5/libc.a(sprintf.o)
                              ../../lib_dir/libcommune.a(lcm_so1602dtr_m_fw.o) (sprintf)
/usr/lib/gcc/avr/9.2.0/../../../../avr/lib/avr5/libc.a(vfprintf_std.o)
                              /usr/lib/gcc/avr/9.2.0/../../../../avr/lib/avr5/libc.a(sprintf.o) (vfprintf)
/usr/lib/gcc/avr/9.2.0/../../../../avr/lib/avr5/libc.a(strnlen_P.o)
                              /usr/lib/gcc/avr/9.2.0/../../../../avr/lib/avr5/libc.a(vfprintf_std.o) (strnlen_P)
/usr/lib/gcc/avr/9.2.0/../../../../avr/lib/avr5/libc.a(strnlen.o)
                              /usr/lib/gcc/avr/9.2.0/../../../../avr/lib/avr5/libc.a(vfprintf_std.o) (strnlen)
/usr/lib/gcc/avr/9.2.0/../../../../avr/lib/avr5/libc.a(fputc.o)
                              /usr/lib/gcc/avr/9.2.0/../../../../avr/lib/avr5/libc.a(vfprintf_std.o) (fputc)
/usr/lib/gcc/avr/9.2.0/../../../../avr/lib/avr5/libc.a(ultoa_invert.o)
                              /usr/lib/gcc/avr/9.2.0/../../../../avr/lib/avr5/libc.a(vfprintf_std.o) (__ultoa_invert)
/usr/lib/gcc/avr/9.2.0/../../../../avr/lib/avr5/libatmega324pa.a(eerd_byte.o)
                              ../../lib_dir/libcommune.a(RS232.o) (eeprom_read_byte)
/usr/lib/gcc/avr/9.2.0/../../../../avr/lib/avr5/libatmega324pa.a(eewr_byte.o)
                              ../../lib_dir/libcommune.a(RS232.o) (eeprom_write_byte)
/usr/lib/gcc/avr/9.2.0/avr5/libgcc.a(_prologue.o)
                              /usr/lib/gcc/avr/9.2.0/../../../../avr/lib/avr5/libc.a(sprintf.o) (__prologue_saves__)
/usr/lib/gcc/avr/9.2.0/avr5/libgcc.a(_epilogue.o)
                              /usr/lib/gcc/avr/9.2.0/../../../../avr/lib/avr5/libc.a(sprintf.o) (__epilogue_restores__)

Allocating common symbols
Common symbol       size              file

__brkval            0x2               /usr/lib/gcc/avr/9.2.0/../../../../avr/lib/avr5/libc.a(malloc.o)
__flp               0x2               /usr/lib/gcc/avr/9.2.0/../../../../avr/lib/avr5/libc.a(malloc.o)

Memory Configuration

Name             Origin             Length             Attributes
text             0x0000000000000000 0x0000000000020000 xr
data             0x0000000000800060 0x000000000000ffa0 rw !x
eeprom           0x0000000000810000 0x0000000000010000 rw !x
fuse             0x0000000000820000 0x0000000000000003 rw !x
lock             0x0000000000830000 0x0000000000000400 rw !x
signature        0x0000000000840000 0x0000000000000400 rw !x
user_signatures  0x0000000000850000 0x0000000000000400 rw !x
*default*        0x0000000000000000 0xffffffffffffffff

Linker script and memory map

Address of section .data set to 0x800100
LOAD /usr/lib/gcc/avr/9.2.0/../../../../avr/lib/avr5/crtatmega324pa.o
LOAD main.o
LOAD /usr/lib/gcc/avr/9.2.0/../../../../avr/lib/avr5/libm.a
LOAD ../../lib_dir/libcommune.a
START GROUP
LOAD /usr/lib/gcc/avr/9.2.0/avr5/libgcc.a
LOAD /usr/lib/gcc/avr/9.2.0/../../../../avr/lib/avr5/libm.a
LOAD /usr/lib/gcc/avr/9.2.0/../../../../avr/lib/avr5/libc.a
LOAD /usr/lib/gcc/avr/9.2.0/../../../../avr/lib/avr5/libatmega324pa.a
END GROUP
                0x0000000000020000                __TEXT_REGION_LENGTH__ = DEFINED (__TEXT_REGION_LENGTH__)?__TEXT_REGION_LENGTH__:0x20000
                0x000000000000ffa0                __DATA_REGION_LENGTH__ = DEFINED (__DATA_REGION_LENGTH__)?__DATA_REGION_LENGTH__:0xffa0
                0x0000000000010000                __EEPROM_REGION_LENGTH__ = DEFINED (__EEPROM_REGION_LENGTH__)?__EEPROM_REGION_LENGTH__:0x10000
                [0x0000000000000003]                __FUSE_REGION_LENGTH__ = DEFINED (__FUSE_REGION_LENGTH__)?__FUSE_REGION_LENGTH__:0x400
                0x0000000000000400                __LOCK_REGION_LENGTH__ = DEFINED (__LOCK_REGION_LENGTH__)?__LOCK_REGION_LENGTH__:0x400
                0x0000000000000400                __SIGNATURE_REGION_LENGTH__ = DEFINED (__SIGNATURE_REGION_LENGTH__)?__SIGNATURE_REGION_LENGTH__:0x400
                0x0000000000000400                __USER_SIGNATURE_REGION_LENGTH__ = DEFINED (__USER_SIGNATURE_REGION_LENGTH__)?__USER_SIGNATURE_REGION_LENGTH__:0x400

.hash
 *(.hash)

.dynsym
 *(.dynsym)

.dynstr
 *(.dynstr)

.gnu.version
 *(.gnu.version)

.gnu.version_d
 *(.gnu.version_d)

.gnu.version_r
 *(.gnu.version_r)

.rel.init
 *(.rel.init)

.rela.init
 *(.rela.init)

.rel.text
 *(.rel.text)
 *(.rel.text.*)
 *(.rel.gnu.linkonce.t*)

.rela.text
 *(.rela.text)
 *(.rela.text.*)
 *(.rela.gnu.linkonce.t*)

.rel.fini
 *(.rel.fini)

.rela.fini
 *(.rela.fini)

.rel.rodata
 *(.rel.rodata)
 *(.rel.rodata.*)
 *(.rel.gnu.linkonce.r*)

.rela.rodata
 *(.rela.rodata)
 *(.rela.rodata.*)
 *(.rela.gnu.linkonce.r*)

.rel.data
 *(.rel.data)
 *(.rel.data.*)
 *(.rel.gnu.linkonce.d*)

.rela.data
 *(.rela.data)
 *(.rela.data.*)
 *(.rela.gnu.linkonce.d*)

.rel.ctors
 *(.rel.ctors)

.rela.ctors
 *(.rela.ctors)

.rel.dtors
 *(.rel.dtors)

.rela.dtors
 *(.rela.dtors)

.rel.got
 *(.rel.got)

.rela.got
 *(.rela.got)

.rel.bss
 *(.rel.bss)

.rela.bss
 *(.rela.bss)

.rel.plt
 *(.rel.plt)

.rela.plt
 *(.rela.plt)

.text           0x0000000000000000     0x37fe
 *(.vectors)
 .vectors       0x0000000000000000       0x7c /usr/lib/gcc/avr/9.2.0/../../../../avr/lib/avr5/crtatmega324pa.o
                0x0000000000000000                __vectors
                0x0000000000000000                __vector_default
 *(.vectors)
 *(.progmem.gcc*)
 .progmem.gcc_fplib
                0x000000000000007c       0x28 /usr/lib/gcc/avr/9.2.0/../../../../avr/lib/avr5/libm.a(exp.o)
 .progmem.gcc_fplib
                0x00000000000000a4       0x5a /usr/lib/gcc/avr/9.2.0/../../../../avr/lib/avr5/libm.a(log.o)
                0x00000000000000fe                . = ALIGN (0x2)
                0x00000000000000fe                __trampolines_start = .
 *(.trampolines)
 .trampolines   0x00000000000000fe        0x0 linker stubs
 *(.trampolines*)
                0x00000000000000fe                __trampolines_end = .
 *libprintf_flt.a:*(.progmem.data)
 *libc.a:*(.progmem.data)
 *(.progmem.*)
                0x00000000000000fe                . = ALIGN (0x2)
 *(.lowtext)
 *(.lowtext*)
                0x00000000000000fe                __ctors_start = .
 *(.ctors)
 .ctors         0x00000000000000fe        0x2 main.o
                0x0000000000000100                __ctors_end = .
                0x0000000000000100                __dtors_start = .
 *(.dtors)
 .dtors         0x0000000000000100        0x2 main.o
                0x0000000000000102                __dtors_end = .
 SORT_BY_NAME(*)(.ctors)
 SORT_BY_NAME(*)(.dtors)
 *(.init0)
 .init0         0x0000000000000102        0x0 /usr/lib/gcc/avr/9.2.0/../../../../avr/lib/avr5/crtatmega324pa.o
                0x0000000000000102                __init
 *(.init0)
 *(.init1)
 *(.init1)
 *(.init2)
 .init2         0x0000000000000102        0xc /usr/lib/gcc/avr/9.2.0/../../../../avr/lib/avr5/crtatmega324pa.o
 *(.init2)
 *(.init3)
 *(.init3)
 *(.init4)
 .init4         0x000000000000010e       0x16 /usr/lib/gcc/avr/9.2.0/avr5/libgcc.a(_copy_data.o)
                0x000000000000010e                __do_copy_data
 .init4         0x0000000000000124       0x10 /usr/lib/gcc/avr/9.2.0/avr5/libgcc.a(_clear_bss.o)
                0x0000000000000124                __do_clear_bss
 *(.init4)
 *(.init5)
 *(.init5)
 *(.init6)
 .init6         0x0000000000000134       0x16 /usr/lib/gcc/avr/9.2.0/avr5/libgcc.a(_ctors.o)
                0x0000000000000134                __do_global_ctors
 *(.init6)
 *(.init7)
 *(.init7)
 *(.init8)
 *(.init8)
 *(.init9)
 .init9         0x000000000000014a        0x8 /usr/lib/gcc/avr/9.2.0/../../../../avr/lib/avr5/crtatmega324pa.o
 *(.init9)
 *(.text)
 .text          0x0000000000000152        0x4 /usr/lib/gcc/avr/9.2.0/../../../../avr/lib/avr5/crtatmega324pa.o
                0x0000000000000152                __vector_22
                0x0000000000000152                __vector_28
                0x0000000000000152                __vector_24
                0x0000000000000152                __vector_12
                0x0000000000000152                __bad_interrupt
                0x0000000000000152                __vector_6
                0x0000000000000152                __vector_3
                0x0000000000000152                __vector_23
                0x0000000000000152                __vector_30
                0x0000000000000152                __vector_25
                0x0000000000000152                __vector_11
                0x0000000000000152                __vector_17
                0x0000000000000152                __vector_19
                0x0000000000000152                __vector_7
                0x0000000000000152                __vector_27
                0x0000000000000152                __vector_5
                0x0000000000000152                __vector_4
                0x0000000000000152                __vector_9
                0x0000000000000152                __vector_21
                0x0000000000000152                __vector_15
                0x0000000000000152                __vector_29
                0x0000000000000152                __vector_8
                0x0000000000000152                __vector_26
                0x0000000000000152                __vector_14
                0x0000000000000152                __vector_10
                0x0000000000000152                __vector_16
                0x0000000000000152                __vector_18
                0x0000000000000152                __vector_20
 .text          0x0000000000000156      0x24e main.o
                0x0000000000000156                __vector_1
                0x0000000000000238                __vector_13
                0x000000000000033c                __vector_2
 .text          0x00000000000003a4        0x0 /usr/lib/gcc/avr/9.2.0/../../../../avr/lib/avr5/libm.a(addsf3.o)
 .text          0x00000000000003a4        0x0 /usr/lib/gcc/avr/9.2.0/../../../../avr/lib/avr5/libm.a(addsf3x.o)
 .text          0x00000000000003a4        0x0 /usr/lib/gcc/avr/9.2.0/../../../../avr/lib/avr5/libm.a(cmpsf2.o)
 .text          0x00000000000003a4        0x0 /usr/lib/gcc/avr/9.2.0/../../../../avr/lib/avr5/libm.a(divsf3.o)
 .text          0x00000000000003a4        0x0 /usr/lib/gcc/avr/9.2.0/../../../../avr/lib/avr5/libm.a(divsf3x.o)
 .text          0x00000000000003a4        0x0 /usr/lib/gcc/avr/9.2.0/../../../../avr/lib/avr5/libm.a(floatsisf.o)
 .text          0x00000000000003a4        0x0 /usr/lib/gcc/avr/9.2.0/../../../../avr/lib/avr5/libm.a(fp_cmp.o)
 .text          0x00000000000003a4        0x0 /usr/lib/gcc/avr/9.2.0/../../../../avr/lib/avr5/libm.a(fp_inf.o)
 .text          0x00000000000003a4        0x0 /usr/lib/gcc/avr/9.2.0/../../../../avr/lib/avr5/libm.a(fp_nan.o)
 .text          0x00000000000003a4        0x0 /usr/lib/gcc/avr/9.2.0/../../../../avr/lib/avr5/libm.a(fp_pscA.o)
 .text          0x00000000000003a4        0x0 /usr/lib/gcc/avr/9.2.0/../../../../avr/lib/avr5/libm.a(fp_pscB.o)
 .text          0x00000000000003a4        0x0 /usr/lib/gcc/avr/9.2.0/../../../../avr/lib/avr5/libm.a(fp_round.o)
 .text          0x00000000000003a4        0x0 /usr/lib/gcc/avr/9.2.0/../../../../avr/lib/avr5/libm.a(fp_split3.o)
 .text          0x00000000000003a4        0x0 /usr/lib/gcc/avr/9.2.0/../../../../avr/lib/avr5/libm.a(fp_zero.o)
 .text          0x00000000000003a4       0x5a ../../lib_dir/libcommune.a(can.o)
                0x00000000000003a4                _ZN3canC2Ev
                0x00000000000003a4                _ZN3canC1Ev
                0x00000000000003b0                _ZN3canD1Ev
                0x00000000000003b0                _ZN3canD2Ev
                0x00000000000003b6                _ZN3can7lectureEh
 .text          0x00000000000003fe      0x1b4 ../../lib_dir/libcommune.a(RS232.o)
                0x00000000000003fe                _Z13lectureEepromhh
                0x0000000000000486                _Z14ecritureEepromPchh
                0x00000000000004c0                _Z9setParity6Parity
                0x00000000000004e6                _Z10setStopBith
                0x0000000000000502                _Z10setBitSizeh
                0x000000000000053e                _Z19initialisationUSART6Parityhh
                0x000000000000056e                _Z17transmissionUSARTc
                0x000000000000057c                _Z24transmissionMessageUSARTPch
                0x00000000000005a4                _Z14receptionUSARTv
 .text          0x00000000000005b2       0xee ../../lib_dir/libcommune.a(Timer1.o)
                0x00000000000005b2                _Z13resetCounter1v
                0x00000000000005bc                _Z9stopTimerv
                0x00000000000005c2                _Z12setPrescaler9Prescaler
                0x00000000000005f6                _Z20ajustementModeTimer19ModeTimer
                0x0000000000000626                _Z17compareOutputMode9ModeTimer11ModeCompare
                0x000000000000066e                _Z16startTimer1Countj12ChannelOCR1X
 .text          0x00000000000006a0      0x19c ../../lib_dir/libcommune.a(Option2.o)
                0x00000000000006a0                _Z20identificationPortesPh
                0x0000000000000756                _Z22entreeValideServoPortePh
                0x00000000000007a2                _Z17configurerOption2v
 .text          0x000000000000083c      0x176 ../../lib_dir/libcommune.a(Horloge.o)
                0x000000000000083c                _Z10resetClockv
                0x0000000000000856                _Z11makeclockOn9ModeTimer9Prescaler11ModeCompare
                0x000000000000085a                _Z13setvalueOCR1Ad
                0x00000000000008b6                _Z14setHeureDepartj
                0x00000000000008d6                _Z22affichageMessageInvitev
                0x000000000000091c                _Z11heureValidePh
                0x0000000000000948                _Z12setClocktimeRjPh
 .text          0x00000000000009b2       0x9e ../../lib_dir/libcommune.a(customprocs.o)
                0x00000000000009b2                _Z9cp_strlenPKc
                0x00000000000009c8                _Z7cp_itoaPcjh
                0x0000000000000a32                _Z10cp_wait_msj
 .text          0x0000000000000a50       0x3e ../../lib_dir/libcommune.a(Interruption.o)
                0x0000000000000a50                _Z28intialisationBoutonInterrupt15BoutonInterrupt
                0x0000000000000a86                _Z28intialisationTimer1Interruptv
 .text          0x0000000000000a8e      0x10a ../../lib_dir/libcommune.a(clavier_lib.o)
                0x0000000000000a8e                _Z14LectureClavierPhh
 .text          0x0000000000000b98      0x3cc ../../lib_dir/libcommune.a(lcm_so1602dtr_m_fw.o)
                0x0000000000000b98                _ZN3LCMC1EPVhS1_
                0x0000000000000b98                _ZN3LCMC2EPVhS1_
                0x0000000000000bd4                _ZN3LCMD1Ev
                0x0000000000000bd4                _ZN3LCMD2Ev
                0x0000000000000bde                _ZN3LCM8en_blinkEb
                0x0000000000000c00                _ZN3LCM6en_curEb
                0x0000000000000c20                _ZN3LCM12set_bc_indexEh
                0x0000000000000c3c                _ZN3LCM5clearEv
                0x0000000000000d80                _ZN3LCM5writeEPKchb
                0x0000000000000d8c                _ZN3LCM3putEc
                0x0000000000000dc0                _ZN3LCM8build_ccEhPKh
                0x0000000000000e12                _ZN3LCMlsEPKc
                0x0000000000000e30                _ZN3LCMlsEj
                0x0000000000000e6c                _ZN3LCMlsEi
                0x0000000000000ea8                _ZN3LCMlsEc
                0x0000000000000ee4                _ZN3LCMaSEPKc
                0x0000000000000f1a                _ZN3LCMixEh
                0x0000000000000f2a                _ZN3LCMmIEh
 .text          0x0000000000000f64       0x22 ../../lib_dir/libcommune.a(Sonar.o)
                0x0000000000000f64                _Z11countTimer0h
                0x0000000000000f76                _Z12triggerPulsev
 .text          0x0000000000000f86      0x61c ../../lib_dir/libcommune.a(action_lib.o)
                0x0000000000000f86                _ZN6ActionC2Ev
                0x0000000000000f86                _ZN6ActionC1Ev
                0x0000000000000f92                _ZN6ActionC2EPhh
                0x0000000000000f92                _ZN6ActionC1EPhh
                0x000000000000102e                _ZN6ActionC1ERKS_
                0x000000000000102e                _ZN6ActionC2ERKS_
                0x000000000000104c                _ZN6ActionaSERS_
                0x000000000000106c                _ZNK6Action8getHeureEv
                0x000000000000106e                _ZNK6Action15getIdDispositifEv
                0x0000000000001072                _ZNK6Action7getEtatEv
                0x0000000000001076                _Z4swapP6ActionS0_
                0x00000000000010ae                _Z11sortActionsP6Actionh
                0x0000000000001142                _Z15SupprimerActionP6ActionRh
                0x000000000000122e                _Z20formatAffichageHeurePc
                0x000000000000127c                _Z15afficherActionsP6Actionh
                0x0000000000001492                _Z18entreeValideActionPh6Action
                0x00000000000014c8                _Z13ajouterActionP6ActionRh
 .text          0x00000000000015a2      0x1cc ../../lib_dir/libcommune.a(ServoMoteur.o)
                0x00000000000015a2                _Z21pwmTimer2InitForSErvo10PorteServod
 .text          0x000000000000176e      0x27c ../../lib_dir/libcommune.a(PWM.o)
                0x000000000000176e                _Z8delay_msd
                0x00000000000017ec                _Z13calculPerioded
                0x0000000000001842                _Z14reglageVitesseddd
                0x00000000000019b6                _Z11PWMMateriel9ModeTimer9Prescaler11ModeCompare
 .text          0x00000000000019ea      0x2a0 ../../lib_dir/libcommune.a(Projet.o)
                0x00000000000019ea                _Z19minutesToTimeFormatdRj
                0x0000000000001abc                _Z18remplirFileAttentejRhP6ActionS_S1_
                0x0000000000001b42                _Z15executerActionsRhS_P6Action
                0x0000000000001c48                _Z13messageErreurv
 .text          0x0000000000001c8a      0x3a4 ../../lib_dir/libcommune.a(barresDEL.o)
                0x0000000000001c8a                _Z15activerRegistrev
                0x0000000000001c8e                _Z13activerEntreev
                0x0000000000001c96                _Z10pousserDELv
                0x0000000000001c9c                _Z15activerDecalagev
                0x0000000000001ca2                _Z15decalerRegistreRj
                0x0000000000001cc8                _Z9animerDELRj
                0x0000000000001cee                _Z13initAffichagev
                0x0000000000001cfa                _Z9affichagev
                0x0000000000001d78                _Z11fermerEtats5PorteR11ActionPorte
                0x0000000000001e8c                _Z11ouvrirEtats5PorteR11ActionPorte
                0x0000000000001fca                _Z12fermerPortes5Porte
                0x0000000000001fd2                _Z12ouvrirPortes5Porte
                0x0000000000001fda                _Z17changerEtatsPorteRKhS0_
 .text          0x000000000000202e      0x1ee ../../lib_dir/libcommune.a(lcm_so1602dtr_m.o)
                0x00000000000020c0                _Z15lcmd_disp_clearPVh
                0x00000000000020cc                _Z14lcmd_disp_homePVh
                0x00000000000020d8                _Z13lcmd_entry_smhhPVh
                0x00000000000020e8                _Z16lcmd_disp_on_offhhhPVh
                0x0000000000002100                _Z19lcmd_disp_cur_shifthhPVh
                0x000000000000211e                _Z13lcmd_func_sethhPVh
                0x000000000000213c                _Z17lcmd_cgr_set_addrhPVh
                0x000000000000214c                _Z17lcmd_ddr_set_addrhPVh
                0x000000000000215a                _Z10lcmd_writehPVh
                0x0000000000002166                _Z14lcmd_init_4bitPVhS0_
 .text          0x000000000000221c       0xdc ../../lib_dir/libcommune.a(Tableaux.o)
                0x000000000000221c                _Z14uint8ToTabCharPch
                0x000000000000224e                _Z11sizeTabCharPc
                0x0000000000002264                _Z10TabToUint8Phh
 .text          0x00000000000022f8        0x0 /usr/lib/gcc/avr/9.2.0/avr5/libgcc.a(_udivmodqi4.o)
 .text          0x00000000000022f8        0x0 /usr/lib/gcc/avr/9.2.0/avr5/libgcc.a(_udivmodhi4.o)
 .text          0x00000000000022f8        0x0 /usr/lib/gcc/avr/9.2.0/avr5/libgcc.a(_divmodhi4.o)
 .text          0x00000000000022f8        0x0 /usr/lib/gcc/avr/9.2.0/avr5/libgcc.a(_exit.o)
 .text          0x00000000000022f8        0x0 /usr/lib/gcc/avr/9.2.0/avr5/libgcc.a(_copy_data.o)
 .text          0x00000000000022f8        0x0 /usr/lib/gcc/avr/9.2.0/avr5/libgcc.a(_clear_bss.o)
 .text          0x00000000000022f8        0x0 /usr/lib/gcc/avr/9.2.0/avr5/libgcc.a(_ctors.o)
 .text          0x00000000000022f8        0x0 /usr/lib/gcc/avr/9.2.0/avr5/libgcc.a(_dtors.o)
 .text          0x00000000000022f8        0x0 /usr/lib/gcc/avr/9.2.0/avr5/libgcc.a(_tablejump2.o)
 .text          0x00000000000022f8        0x0 /usr/lib/gcc/avr/9.2.0/../../../../avr/lib/avr5/libm.a(fixunssfsi.o)
 .text          0x00000000000022f8        0x0 /usr/lib/gcc/avr/9.2.0/../../../../avr/lib/avr5/libm.a(gesf2.o)
 .text          0x00000000000022f8        0x0 /usr/lib/gcc/avr/9.2.0/../../../../avr/lib/avr5/libm.a(mulsf3.o)
 .text          0x00000000000022f8        0x0 /usr/lib/gcc/avr/9.2.0/../../../../avr/lib/avr5/libm.a(mulsf3x.o)
 .text          0x00000000000022f8        0x0 /usr/lib/gcc/avr/9.2.0/../../../../avr/lib/avr5/libm.a(pow.o)
 .text          0x00000000000022f8        0x0 /usr/lib/gcc/avr/9.2.0/../../../../avr/lib/avr5/libm.a(exp.o)
 .text          0x00000000000022f8        0x0 /usr/lib/gcc/avr/9.2.0/../../../../avr/lib/avr5/libm.a(fp_powser.o)
 .text          0x00000000000022f8        0x0 /usr/lib/gcc/avr/9.2.0/../../../../avr/lib/avr5/libm.a(inverse.o)
 .text          0x00000000000022f8        0x0 /usr/lib/gcc/avr/9.2.0/../../../../avr/lib/avr5/libm.a(ldexp.o)
 .text          0x00000000000022f8        0x0 /usr/lib/gcc/avr/9.2.0/../../../../avr/lib/avr5/libm.a(log.o)
 .text          0x00000000000022f8        0x0 /usr/lib/gcc/avr/9.2.0/../../../../avr/lib/avr5/libm.a(modf.o)
 .text          0x00000000000022f8        0x0 /usr/lib/gcc/avr/9.2.0/../../../../avr/lib/avr5/libm.a(fp_mpack.o)
 .text          0x00000000000022f8        0x0 /usr/lib/gcc/avr/9.2.0/../../../../avr/lib/avr5/libc.a(malloc.o)
 .text          0x00000000000022f8        0x0 /usr/lib/gcc/avr/9.2.0/../../../../avr/lib/avr5/libc.a(sprintf.o)
 .text          0x00000000000022f8        0x0 /usr/lib/gcc/avr/9.2.0/../../../../avr/lib/avr5/libc.a(vfprintf_std.o)
 .text          0x00000000000022f8        0x0 /usr/lib/gcc/avr/9.2.0/../../../../avr/lib/avr5/libc.a(strnlen_P.o)
 .text          0x00000000000022f8        0x0 /usr/lib/gcc/avr/9.2.0/../../../../avr/lib/avr5/libc.a(strnlen.o)
 .text          0x00000000000022f8        0x0 /usr/lib/gcc/avr/9.2.0/../../../../avr/lib/avr5/libc.a(fputc.o)
 .text          0x00000000000022f8        0x0 /usr/lib/gcc/avr/9.2.0/../../../../avr/lib/avr5/libc.a(ultoa_invert.o)
 .text          0x00000000000022f8        0x0 /usr/lib/gcc/avr/9.2.0/../../../../avr/lib/avr5/libatmega324pa.a(eerd_byte.o)
 .text          0x00000000000022f8        0x0 /usr/lib/gcc/avr/9.2.0/../../../../avr/lib/avr5/libatmega324pa.a(eewr_byte.o)
 .text          0x00000000000022f8        0x0 /usr/lib/gcc/avr/9.2.0/avr5/libgcc.a(_prologue.o)
 .text          0x00000000000022f8        0x0 /usr/lib/gcc/avr/9.2.0/avr5/libgcc.a(_epilogue.o)
                0x00000000000022f8                . = ALIGN (0x2)
 *(.text.*)
 .text.startup  0x00000000000022f8      0x4d0 main.o
                0x00000000000022f8                main
 .text.exit     0x00000000000027c8        0x8 main.o
 .text.avr-libc.fplib
                0x00000000000027d0        0xe /usr/lib/gcc/avr/9.2.0/../../../../avr/lib/avr5/libm.a(addsf3.o)
                0x00000000000027d0                __subsf3
                0x00000000000027d2                __addsf3
 .text.avr-libc.fplib
                0x00000000000027de       0xcc /usr/lib/gcc/avr/9.2.0/../../../../avr/lib/avr5/libm.a(addsf3x.o)
                0x0000000000002800                __addsf3x
 .text.avr-libc.fplib
                0x00000000000028aa        0xa /usr/lib/gcc/avr/9.2.0/../../../../avr/lib/avr5/libm.a(cmpsf2.o)
                0x00000000000028aa                __lesf2
                0x00000000000028aa                __nesf2
                0x00000000000028aa                __eqsf2
                0x00000000000028aa                __cmpsf2
                0x00000000000028aa                __ltsf2
 .text.avr-libc.fplib
                0x00000000000028b4        0x8 /usr/lib/gcc/avr/9.2.0/../../../../avr/lib/avr5/libm.a(divsf3.o)
                0x00000000000028b4                __divsf3
 .text.avr-libc.fplib
                0x00000000000028bc       0xdc /usr/lib/gcc/avr/9.2.0/../../../../avr/lib/avr5/libm.a(divsf3x.o)
                0x00000000000028dc                __divsf3x
                0x00000000000028e2                __divsf3_pse
 .text.avr-libc.fplib
                0x0000000000002998       0x7a /usr/lib/gcc/avr/9.2.0/../../../../avr/lib/avr5/libm.a(floatsisf.o)
                0x0000000000002998                __floatunsisf
                0x000000000000299c                __floatsisf
 .text.avr-libc.fplib
                0x0000000000002a12       0x48 /usr/lib/gcc/avr/9.2.0/../../../../avr/lib/avr5/libm.a(fp_cmp.o)
                0x0000000000002a12                __fp_cmp
 .text.avr-libc.fplib
                0x0000000000002a5a        0xc /usr/lib/gcc/avr/9.2.0/../../../../avr/lib/avr5/libm.a(fp_inf.o)
                0x0000000000002a5a                __fp_inf
 .text.avr-libc.fplib
                0x0000000000002a66        0x6 /usr/lib/gcc/avr/9.2.0/../../../../avr/lib/avr5/libm.a(fp_nan.o)
                0x0000000000002a66                __fp_nan
 .text.avr-libc.fplib
                0x0000000000002a6c        0xe /usr/lib/gcc/avr/9.2.0/../../../../avr/lib/avr5/libm.a(fp_pscA.o)
                0x0000000000002a6c                __fp_pscA
 .text.avr-libc.fplib
                0x0000000000002a7a        0xe /usr/lib/gcc/avr/9.2.0/../../../../avr/lib/avr5/libm.a(fp_pscB.o)
                0x0000000000002a7a                __fp_pscB
 .text.avr-libc.fplib
                0x0000000000002a88       0x22 /usr/lib/gcc/avr/9.2.0/../../../../avr/lib/avr5/libm.a(fp_round.o)
                0x0000000000002a88                __fp_round
 .text.avr-libc.fplib
                0x0000000000002aaa       0x44 /usr/lib/gcc/avr/9.2.0/../../../../avr/lib/avr5/libm.a(fp_split3.o)
                0x0000000000002aaa                __fp_split3
                0x0000000000002aba                __fp_splitA
 .text.avr-libc.fplib
                0x0000000000002aee        0xe /usr/lib/gcc/avr/9.2.0/../../../../avr/lib/avr5/libm.a(fp_zero.o)
                0x0000000000002aee                __fp_zero
                0x0000000000002af0                __fp_szero
 .text.libgcc.mul
                0x0000000000002afc        0x0 /usr/lib/gcc/avr/9.2.0/avr5/libgcc.a(_udivmodqi4.o)
 .text.libgcc.div
                0x0000000000002afc       0x18 /usr/lib/gcc/avr/9.2.0/avr5/libgcc.a(_udivmodqi4.o)
                0x0000000000002afc                __udivmodqi4
 .text.libgcc   0x0000000000002b14        0x0 /usr/lib/gcc/avr/9.2.0/avr5/libgcc.a(_udivmodqi4.o)
 .text.libgcc.prologue
                0x0000000000002b14        0x0 /usr/lib/gcc/avr/9.2.0/avr5/libgcc.a(_udivmodqi4.o)
 .text.libgcc.builtins
                0x0000000000002b14        0x0 /usr/lib/gcc/avr/9.2.0/avr5/libgcc.a(_udivmodqi4.o)
 .text.libgcc.fmul
                0x0000000000002b14        0x0 /usr/lib/gcc/avr/9.2.0/avr5/libgcc.a(_udivmodqi4.o)
 .text.libgcc.fixed
                0x0000000000002b14        0x0 /usr/lib/gcc/avr/9.2.0/avr5/libgcc.a(_udivmodqi4.o)
 .text.libgcc.mul
                0x0000000000002b14        0x0 /usr/lib/gcc/avr/9.2.0/avr5/libgcc.a(_udivmodhi4.o)
 .text.libgcc.div
                0x0000000000002b14       0x28 /usr/lib/gcc/avr/9.2.0/avr5/libgcc.a(_udivmodhi4.o)
                0x0000000000002b14                __udivmodhi4
 .text.libgcc   0x0000000000002b3c        0x0 /usr/lib/gcc/avr/9.2.0/avr5/libgcc.a(_udivmodhi4.o)
 .text.libgcc.prologue
                0x0000000000002b3c        0x0 /usr/lib/gcc/avr/9.2.0/avr5/libgcc.a(_udivmodhi4.o)
 .text.libgcc.builtins
                0x0000000000002b3c        0x0 /usr/lib/gcc/avr/9.2.0/avr5/libgcc.a(_udivmodhi4.o)
 .text.libgcc.fmul
                0x0000000000002b3c        0x0 /usr/lib/gcc/avr/9.2.0/avr5/libgcc.a(_udivmodhi4.o)
 .text.libgcc.fixed
                0x0000000000002b3c        0x0 /usr/lib/gcc/avr/9.2.0/avr5/libgcc.a(_udivmodhi4.o)
 .text.libgcc.mul
                0x0000000000002b3c        0x0 /usr/lib/gcc/avr/9.2.0/avr5/libgcc.a(_divmodhi4.o)
 .text.libgcc.div
                0x0000000000002b3c       0x28 /usr/lib/gcc/avr/9.2.0/avr5/libgcc.a(_divmodhi4.o)
                0x0000000000002b3c                __divmodhi4
                0x0000000000002b3c                _div
 .text.libgcc   0x0000000000002b64        0x0 /usr/lib/gcc/avr/9.2.0/avr5/libgcc.a(_divmodhi4.o)
 .text.libgcc.prologue
                0x0000000000002b64        0x0 /usr/lib/gcc/avr/9.2.0/avr5/libgcc.a(_divmodhi4.o)
 .text.libgcc.builtins
                0x0000000000002b64        0x0 /usr/lib/gcc/avr/9.2.0/avr5/libgcc.a(_divmodhi4.o)
 .text.libgcc.fmul
                0x0000000000002b64        0x0 /usr/lib/gcc/avr/9.2.0/avr5/libgcc.a(_divmodhi4.o)
 .text.libgcc.fixed
                0x0000000000002b64        0x0 /usr/lib/gcc/avr/9.2.0/avr5/libgcc.a(_divmodhi4.o)
 .text.libgcc.mul
                0x0000000000002b64        0x0 /usr/lib/gcc/avr/9.2.0/avr5/libgcc.a(_exit.o)
 .text.libgcc.div
                0x0000000000002b64        0x0 /usr/lib/gcc/avr/9.2.0/avr5/libgcc.a(_exit.o)
 .text.libgcc   0x0000000000002b64        0x0 /usr/lib/gcc/avr/9.2.0/avr5/libgcc.a(_exit.o)
 .text.libgcc.prologue
                0x0000000000002b64        0x0 /usr/lib/gcc/avr/9.2.0/avr5/libgcc.a(_exit.o)
 .text.libgcc.builtins
                0x0000000000002b64        0x0 /usr/lib/gcc/avr/9.2.0/avr5/libgcc.a(_exit.o)
 .text.libgcc.fmul
                0x0000000000002b64        0x0 /usr/lib/gcc/avr/9.2.0/avr5/libgcc.a(_exit.o)
 .text.libgcc.fixed
                0x0000000000002b64        0x0 /usr/lib/gcc/avr/9.2.0/avr5/libgcc.a(_exit.o)
 .text.libgcc.mul
                0x0000000000002b64        0x0 /usr/lib/gcc/avr/9.2.0/avr5/libgcc.a(_copy_data.o)
 .text.libgcc.div
                0x0000000000002b64        0x0 /usr/lib/gcc/avr/9.2.0/avr5/libgcc.a(_copy_data.o)
 .text.libgcc   0x0000000000002b64        0x0 /usr/lib/gcc/avr/9.2.0/avr5/libgcc.a(_copy_data.o)
 .text.libgcc.prologue
                0x0000000000002b64        0x0 /usr/lib/gcc/avr/9.2.0/avr5/libgcc.a(_copy_data.o)
 .text.libgcc.builtins
                0x0000000000002b64        0x0 /usr/lib/gcc/avr/9.2.0/avr5/libgcc.a(_copy_data.o)
 .text.libgcc.fmul
                0x0000000000002b64        0x0 /usr/lib/gcc/avr/9.2.0/avr5/libgcc.a(_copy_data.o)
 .text.libgcc.fixed
                0x0000000000002b64        0x0 /usr/lib/gcc/avr/9.2.0/avr5/libgcc.a(_copy_data.o)
 .text.libgcc.mul
                0x0000000000002b64        0x0 /usr/lib/gcc/avr/9.2.0/avr5/libgcc.a(_clear_bss.o)
 .text.libgcc.div
                0x0000000000002b64        0x0 /usr/lib/gcc/avr/9.2.0/avr5/libgcc.a(_clear_bss.o)
 .text.libgcc   0x0000000000002b64        0x0 /usr/lib/gcc/avr/9.2.0/avr5/libgcc.a(_clear_bss.o)
 .text.libgcc.prologue
                0x0000000000002b64        0x0 /usr/lib/gcc/avr/9.2.0/avr5/libgcc.a(_clear_bss.o)
 .text.libgcc.builtins
                0x0000000000002b64        0x0 /usr/lib/gcc/avr/9.2.0/avr5/libgcc.a(_clear_bss.o)
 .text.libgcc.fmul
                0x0000000000002b64        0x0 /usr/lib/gcc/avr/9.2.0/avr5/libgcc.a(_clear_bss.o)
 .text.libgcc.fixed
                0x0000000000002b64        0x0 /usr/lib/gcc/avr/9.2.0/avr5/libgcc.a(_clear_bss.o)
 .text.libgcc.mul
                0x0000000000002b64        0x0 /usr/lib/gcc/avr/9.2.0/avr5/libgcc.a(_ctors.o)
 .text.libgcc.div
                0x0000000000002b64        0x0 /usr/lib/gcc/avr/9.2.0/avr5/libgcc.a(_ctors.o)
 .text.libgcc   0x0000000000002b64        0x0 /usr/lib/gcc/avr/9.2.0/avr5/libgcc.a(_ctors.o)
 .text.libgcc.prologue
                0x0000000000002b64        0x0 /usr/lib/gcc/avr/9.2.0/avr5/libgcc.a(_ctors.o)
 .text.libgcc.builtins
                0x0000000000002b64        0x0 /usr/lib/gcc/avr/9.2.0/avr5/libgcc.a(_ctors.o)
 .text.libgcc.fmul
                0x0000000000002b64        0x0 /usr/lib/gcc/avr/9.2.0/avr5/libgcc.a(_ctors.o)
 .text.libgcc.fixed
                0x0000000000002b64        0x0 /usr/lib/gcc/avr/9.2.0/avr5/libgcc.a(_ctors.o)
 .text.libgcc.mul
                0x0000000000002b64        0x0 /usr/lib/gcc/avr/9.2.0/avr5/libgcc.a(_dtors.o)
 .text.libgcc.div
                0x0000000000002b64        0x0 /usr/lib/gcc/avr/9.2.0/avr5/libgcc.a(_dtors.o)
 .text.libgcc   0x0000000000002b64        0x0 /usr/lib/gcc/avr/9.2.0/avr5/libgcc.a(_dtors.o)
 .text.libgcc.prologue
                0x0000000000002b64        0x0 /usr/lib/gcc/avr/9.2.0/avr5/libgcc.a(_dtors.o)
 .text.libgcc.builtins
                0x0000000000002b64        0x0 /usr/lib/gcc/avr/9.2.0/avr5/libgcc.a(_dtors.o)
 .text.libgcc.fmul
                0x0000000000002b64        0x0 /usr/lib/gcc/avr/9.2.0/avr5/libgcc.a(_dtors.o)
 .text.libgcc.fixed
                0x0000000000002b64        0x0 /usr/lib/gcc/avr/9.2.0/avr5/libgcc.a(_dtors.o)
 .text.libgcc.mul
                0x0000000000002b64        0x0 /usr/lib/gcc/avr/9.2.0/avr5/libgcc.a(_tablejump2.o)
 .text.libgcc.div
                0x0000000000002b64        0x0 /usr/lib/gcc/avr/9.2.0/avr5/libgcc.a(_tablejump2.o)
 .text.libgcc   0x0000000000002b64        0xc /usr/lib/gcc/avr/9.2.0/avr5/libgcc.a(_tablejump2.o)
                0x0000000000002b64                __tablejump2__
 .text.libgcc.prologue
                0x0000000000002b70        0x0 /usr/lib/gcc/avr/9.2.0/avr5/libgcc.a(_tablejump2.o)
 .text.libgcc.builtins
                0x0000000000002b70        0x0 /usr/lib/gcc/avr/9.2.0/avr5/libgcc.a(_tablejump2.o)
 .text.libgcc.fmul
                0x0000000000002b70        0x0 /usr/lib/gcc/avr/9.2.0/avr5/libgcc.a(_tablejump2.o)
 .text.libgcc.fixed
                0x0000000000002b70        0x0 /usr/lib/gcc/avr/9.2.0/avr5/libgcc.a(_tablejump2.o)
 .text.avr-libc.fplib
                0x0000000000002b70       0x5e /usr/lib/gcc/avr/9.2.0/../../../../avr/lib/avr5/libm.a(fixunssfsi.o)
                0x0000000000002b70                __fixunssfsi
 .text.avr-libc.fplib
                0x0000000000002bce        0xa /usr/lib/gcc/avr/9.2.0/../../../../avr/lib/avr5/libm.a(gesf2.o)
                0x0000000000002bce                __gtsf2
                0x0000000000002bce                __gesf2
 .text.avr-libc.fplib
                0x0000000000002bd8        0x8 /usr/lib/gcc/avr/9.2.0/../../../../avr/lib/avr5/libm.a(mulsf3.o)
                0x0000000000002bd8                __mulsf3
 .text.avr-libc.fplib
                0x0000000000002be0       0xd2 /usr/lib/gcc/avr/9.2.0/../../../../avr/lib/avr5/libm.a(mulsf3x.o)
                0x0000000000002bfe                __mulsf3x
                0x0000000000002c04                __mulsf3_pse
 .text.avr-libc.fplib
                0x0000000000002cb2       0xa0 /usr/lib/gcc/avr/9.2.0/../../../../avr/lib/avr5/libm.a(pow.o)
                0x0000000000002cb2                pow
 .text.avr-libc.fplib
                0x0000000000002d52       0x74 /usr/lib/gcc/avr/9.2.0/../../../../avr/lib/avr5/libm.a(exp.o)
                0x0000000000002d62                exp
 .text.avr-libc.fplib
                0x0000000000002dc6       0x4e /usr/lib/gcc/avr/9.2.0/../../../../avr/lib/avr5/libm.a(fp_powser.o)
                0x0000000000002dc6                __fp_powser
 .text.avr-libc.fplib
                0x0000000000002e14       0x10 /usr/lib/gcc/avr/9.2.0/../../../../avr/lib/avr5/libm.a(inverse.o)
                0x0000000000002e14                inverse
 .text.avr-libc.fplib
                0x0000000000002e24       0x74 /usr/lib/gcc/avr/9.2.0/../../../../avr/lib/avr5/libm.a(ldexp.o)
                0x0000000000002e2c                ldexp
 .text.avr-libc.fplib
                0x0000000000002e98       0xa0 /usr/lib/gcc/avr/9.2.0/../../../../avr/lib/avr5/libm.a(log.o)
                0x0000000000002ea8                log
 .text.avr-libc.fplib
                0x0000000000002f38       0x68 /usr/lib/gcc/avr/9.2.0/../../../../avr/lib/avr5/libm.a(modf.o)
                0x0000000000002f38                modff
                0x0000000000002f38                modf
 .text.avr-libc.fplib
                0x0000000000002fa0       0x1c /usr/lib/gcc/avr/9.2.0/../../../../avr/lib/avr5/libm.a(fp_mpack.o)
                0x0000000000002fa0                __fp_mpack
                0x0000000000002fa4                __fp_mpack_finite
 .text.avr-libc
                0x0000000000002fbc      0x250 /usr/lib/gcc/avr/9.2.0/../../../../avr/lib/avr5/libc.a(malloc.o)
                0x0000000000002fbc                malloc
                0x00000000000030e8                free
 .text.avr-libc
                0x000000000000320c       0x46 /usr/lib/gcc/avr/9.2.0/../../../../avr/lib/avr5/libc.a(sprintf.o)
                0x000000000000320c                sprintf
 .text.avr-libc
                0x0000000000003252      0x3b0 /usr/lib/gcc/avr/9.2.0/../../../../avr/lib/avr5/libc.a(vfprintf_std.o)
                0x0000000000003252                vfprintf
 .text.avr-libc
                0x0000000000003602       0x16 /usr/lib/gcc/avr/9.2.0/../../../../avr/lib/avr5/libc.a(strnlen_P.o)
                0x0000000000003602                strnlen_P
 .text.avr-libc
                0x0000000000003618       0x16 /usr/lib/gcc/avr/9.2.0/../../../../avr/lib/avr5/libc.a(strnlen.o)
                0x0000000000003618                strnlen
 .text.avr-libc
                0x000000000000362e       0x60 /usr/lib/gcc/avr/9.2.0/../../../../avr/lib/avr5/libc.a(fputc.o)
                0x000000000000362e                fputc
 .text.avr-libc
                0x000000000000368e       0xbc /usr/lib/gcc/avr/9.2.0/../../../../avr/lib/avr5/libc.a(ultoa_invert.o)
                0x000000000000368e                __ultoa_invert
 .text.avr-libc
                0x000000000000374a       0x10 /usr/lib/gcc/avr/9.2.0/../../../../avr/lib/avr5/libatmega324pa.a(eerd_byte.o)
                0x000000000000374a                eeprom_read_byte
 .text.avr-libc
                0x000000000000375a       0x1c /usr/lib/gcc/avr/9.2.0/../../../../avr/lib/avr5/libatmega324pa.a(eewr_byte.o)
                0x000000000000375a                eeprom_write_byte
                0x000000000000375c                eeprom_write_r18
 .text.libgcc.mul
                0x0000000000003776        0x0 /usr/lib/gcc/avr/9.2.0/avr5/libgcc.a(_prologue.o)
 .text.libgcc.div
                0x0000000000003776        0x0 /usr/lib/gcc/avr/9.2.0/avr5/libgcc.a(_prologue.o)
 .text.libgcc   0x0000000000003776        0x0 /usr/lib/gcc/avr/9.2.0/avr5/libgcc.a(_prologue.o)
 .text.libgcc.prologue
                0x0000000000003776       0x38 /usr/lib/gcc/avr/9.2.0/avr5/libgcc.a(_prologue.o)
                0x0000000000003776                __prologue_saves__
 .text.libgcc.builtins
                0x00000000000037ae        0x0 /usr/lib/gcc/avr/9.2.0/avr5/libgcc.a(_prologue.o)
 .text.libgcc.fmul
                0x00000000000037ae        0x0 /usr/lib/gcc/avr/9.2.0/avr5/libgcc.a(_prologue.o)
 .text.libgcc.fixed
                0x00000000000037ae        0x0 /usr/lib/gcc/avr/9.2.0/avr5/libgcc.a(_prologue.o)
 .text.libgcc.mul
                0x00000000000037ae        0x0 /usr/lib/gcc/avr/9.2.0/avr5/libgcc.a(_epilogue.o)
 .text.libgcc.div
                0x00000000000037ae        0x0 /usr/lib/gcc/avr/9.2.0/avr5/libgcc.a(_epilogue.o)
 .text.libgcc   0x00000000000037ae        0x0 /usr/lib/gcc/avr/9.2.0/avr5/libgcc.a(_epilogue.o)
 .text.libgcc.prologue
                0x00000000000037ae       0x36 /usr/lib/gcc/avr/9.2.0/avr5/libgcc.a(_epilogue.o)
                0x00000000000037ae                __epilogue_restores__
 .text.libgcc.builtins
                0x00000000000037e4        0x0 /usr/lib/gcc/avr/9.2.0/avr5/libgcc.a(_epilogue.o)
 .text.libgcc.fmul
                0x00000000000037e4        0x0 /usr/lib/gcc/avr/9.2.0/avr5/libgcc.a(_epilogue.o)
 .text.libgcc.fixed
                0x00000000000037e4        0x0 /usr/lib/gcc/avr/9.2.0/avr5/libgcc.a(_epilogue.o)
                0x00000000000037e4                . = ALIGN (0x2)
 *(.fini9)
 .fini9         0x00000000000037e4        0x0 /usr/lib/gcc/avr/9.2.0/avr5/libgcc.a(_exit.o)
                0x00000000000037e4                exit
                0x00000000000037e4                _exit
 *(.fini9)
 *(.fini8)
 *(.fini8)
 *(.fini7)
 *(.fini7)
 *(.fini6)
 .fini6         0x00000000000037e4       0x16 /usr/lib/gcc/avr/9.2.0/avr5/libgcc.a(_dtors.o)
                0x00000000000037e4                __do_global_dtors
 *(.fini6)
 *(.fini5)
 *(.fini5)
 *(.fini4)
 *(.fini4)
 *(.fini3)
 *(.fini3)
 *(.fini2)
 *(.fini2)
 *(.fini1)
 *(.fini1)
 *(.fini0)
 .fini0         0x00000000000037fa        0x4 /usr/lib/gcc/avr/9.2.0/avr5/libgcc.a(_exit.o)
 *(.fini0)
 *(.hightext)
 *(.hightext*)
 *(.progmemx.*)
                0x00000000000037fe                . = ALIGN (0x2)
 *(.jumptables)
 *(.jumptables*)
                0x00000000000037fe                _etext = .

.data           0x0000000000800100      0x2ca load address 0x00000000000037fe
                0x0000000000800100                PROVIDE (__data_start = .)
 *(.data)
 .data          0x0000000000800100        0x0 /usr/lib/gcc/avr/9.2.0/../../../../avr/lib/avr5/crtatmega324pa.o
 .data          0x0000000000800100        0x3 main.o
                0x0000000000800100                horlogeContinue
                0x0000000000800101                tempsFinSimulation
 .data          0x0000000000800103        0x0 /usr/lib/gcc/avr/9.2.0/../../../../avr/lib/avr5/libm.a(addsf3.o)
 .data          0x0000000000800103        0x0 /usr/lib/gcc/avr/9.2.0/../../../../avr/lib/avr5/libm.a(addsf3x.o)
 .data          0x0000000000800103        0x0 /usr/lib/gcc/avr/9.2.0/../../../../avr/lib/avr5/libm.a(cmpsf2.o)
 .data          0x0000000000800103        0x0 /usr/lib/gcc/avr/9.2.0/../../../../avr/lib/avr5/libm.a(divsf3.o)
 .data          0x0000000000800103        0x0 /usr/lib/gcc/avr/9.2.0/../../../../avr/lib/avr5/libm.a(divsf3x.o)
 .data          0x0000000000800103        0x0 /usr/lib/gcc/avr/9.2.0/../../../../avr/lib/avr5/libm.a(floatsisf.o)
 .data          0x0000000000800103        0x0 /usr/lib/gcc/avr/9.2.0/../../../../avr/lib/avr5/libm.a(fp_cmp.o)
 .data          0x0000000000800103        0x0 /usr/lib/gcc/avr/9.2.0/../../../../avr/lib/avr5/libm.a(fp_inf.o)
 .data          0x0000000000800103        0x0 /usr/lib/gcc/avr/9.2.0/../../../../avr/lib/avr5/libm.a(fp_nan.o)
 .data          0x0000000000800103        0x0 /usr/lib/gcc/avr/9.2.0/../../../../avr/lib/avr5/libm.a(fp_pscA.o)
 .data          0x0000000000800103        0x0 /usr/lib/gcc/avr/9.2.0/../../../../avr/lib/avr5/libm.a(fp_pscB.o)
 .data          0x0000000000800103        0x0 /usr/lib/gcc/avr/9.2.0/../../../../avr/lib/avr5/libm.a(fp_round.o)
 .data          0x0000000000800103        0x0 /usr/lib/gcc/avr/9.2.0/../../../../avr/lib/avr5/libm.a(fp_split3.o)
 .data          0x0000000000800103        0x0 /usr/lib/gcc/avr/9.2.0/../../../../avr/lib/avr5/libm.a(fp_zero.o)
 .data          0x0000000000800103        0x0 ../../lib_dir/libcommune.a(can.o)
 .data          0x0000000000800103        0x0 ../../lib_dir/libcommune.a(RS232.o)
 .data          0x0000000000800103        0x0 ../../lib_dir/libcommune.a(Timer1.o)
 .data          0x0000000000800103        0x1 ../../lib_dir/libcommune.a(Option2.o)
                0x0000000000800103                SIZE_ATTENDU
 .data          0x0000000000800104        0x0 ../../lib_dir/libcommune.a(Horloge.o)
 .data          0x0000000000800104        0x0 ../../lib_dir/libcommune.a(customprocs.o)
 .data          0x0000000000800104        0x0 ../../lib_dir/libcommune.a(Interruption.o)
 .data          0x0000000000800104        0x0 ../../lib_dir/libcommune.a(clavier_lib.o)
 .data          0x0000000000800104        0x0 ../../lib_dir/libcommune.a(lcm_so1602dtr_m_fw.o)
 .data          0x0000000000800104        0x0 ../../lib_dir/libcommune.a(Sonar.o)
 .data          0x0000000000800104        0x0 ../../lib_dir/libcommune.a(action_lib.o)
 .data          0x0000000000800104       0x10 ../../lib_dir/libcommune.a(ServoMoteur.o)
                0x0000000000800104                PWMMAXIMAL
                0x0000000000800108                PERIODE
                0x000000000080010c                AJOUT_TEMPS_MAX
                0x0000000000800110                MAX_ANGLE
 .data          0x0000000000800114        0x0 ../../lib_dir/libcommune.a(PWM.o)
 .data          0x0000000000800114        0x0 ../../lib_dir/libcommune.a(Projet.o)
 .data          0x0000000000800114        0x1 ../../lib_dir/libcommune.a(barresDEL.o)
                0x0000000000800114                fermer
 .data          0x0000000000800115        0x0 ../../lib_dir/libcommune.a(lcm_so1602dtr_m.o)
 .data          0x0000000000800115        0x0 ../../lib_dir/libcommune.a(Tableaux.o)
 .data          0x0000000000800115        0x0 /usr/lib/gcc/avr/9.2.0/avr5/libgcc.a(_udivmodqi4.o)
 .data          0x0000000000800115        0x0 /usr/lib/gcc/avr/9.2.0/avr5/libgcc.a(_udivmodhi4.o)
 .data          0x0000000000800115        0x0 /usr/lib/gcc/avr/9.2.0/avr5/libgcc.a(_divmodhi4.o)
 .data          0x0000000000800115        0x0 /usr/lib/gcc/avr/9.2.0/avr5/libgcc.a(_exit.o)
 .data          0x0000000000800115        0x0 /usr/lib/gcc/avr/9.2.0/avr5/libgcc.a(_copy_data.o)
 .data          0x0000000000800115        0x0 /usr/lib/gcc/avr/9.2.0/avr5/libgcc.a(_clear_bss.o)
 .data          0x0000000000800115        0x0 /usr/lib/gcc/avr/9.2.0/avr5/libgcc.a(_ctors.o)
 .data          0x0000000000800115        0x0 /usr/lib/gcc/avr/9.2.0/avr5/libgcc.a(_dtors.o)
 .data          0x0000000000800115        0x0 /usr/lib/gcc/avr/9.2.0/avr5/libgcc.a(_tablejump2.o)
 .data          0x0000000000800115        0x0 /usr/lib/gcc/avr/9.2.0/../../../../avr/lib/avr5/libm.a(fixunssfsi.o)
 .data          0x0000000000800115        0x0 /usr/lib/gcc/avr/9.2.0/../../../../avr/lib/avr5/libm.a(gesf2.o)
 .data          0x0000000000800115        0x0 /usr/lib/gcc/avr/9.2.0/../../../../avr/lib/avr5/libm.a(mulsf3.o)
 .data          0x0000000000800115        0x0 /usr/lib/gcc/avr/9.2.0/../../../../avr/lib/avr5/libm.a(mulsf3x.o)
 .data          0x0000000000800115        0x0 /usr/lib/gcc/avr/9.2.0/../../../../avr/lib/avr5/libm.a(pow.o)
 .data          0x0000000000800115        0x0 /usr/lib/gcc/avr/9.2.0/../../../../avr/lib/avr5/libm.a(exp.o)
 .data          0x0000000000800115        0x0 /usr/lib/gcc/avr/9.2.0/../../../../avr/lib/avr5/libm.a(fp_powser.o)
 .data          0x0000000000800115        0x0 /usr/lib/gcc/avr/9.2.0/../../../../avr/lib/avr5/libm.a(inverse.o)
 .data          0x0000000000800115        0x0 /usr/lib/gcc/avr/9.2.0/../../../../avr/lib/avr5/libm.a(ldexp.o)
 .data          0x0000000000800115        0x0 /usr/lib/gcc/avr/9.2.0/../../../../avr/lib/avr5/libm.a(log.o)
 .data          0x0000000000800115        0x0 /usr/lib/gcc/avr/9.2.0/../../../../avr/lib/avr5/libm.a(modf.o)
 .data          0x0000000000800115        0x0 /usr/lib/gcc/avr/9.2.0/../../../../avr/lib/avr5/libm.a(fp_mpack.o)
 .data          0x0000000000800115        0x6 /usr/lib/gcc/avr/9.2.0/../../../../avr/lib/avr5/libc.a(malloc.o)
                0x0000000000800115                __malloc_heap_end
                0x0000000000800117                __malloc_heap_start
                0x0000000000800119                __malloc_margin
 .data          0x000000000080011b        0x0 /usr/lib/gcc/avr/9.2.0/../../../../avr/lib/avr5/libc.a(sprintf.o)
 .data          0x000000000080011b        0x0 /usr/lib/gcc/avr/9.2.0/../../../../avr/lib/avr5/libc.a(vfprintf_std.o)
 .data          0x000000000080011b        0x0 /usr/lib/gcc/avr/9.2.0/../../../../avr/lib/avr5/libc.a(strnlen_P.o)
 .data          0x000000000080011b        0x0 /usr/lib/gcc/avr/9.2.0/../../../../avr/lib/avr5/libc.a(strnlen.o)
 .data          0x000000000080011b        0x0 /usr/lib/gcc/avr/9.2.0/../../../../avr/lib/avr5/libc.a(fputc.o)
 .data          0x000000000080011b        0x0 /usr/lib/gcc/avr/9.2.0/../../../../avr/lib/avr5/libc.a(ultoa_invert.o)
 .data          0x000000000080011b        0x0 /usr/lib/gcc/avr/9.2.0/../../../../avr/lib/avr5/libatmega324pa.a(eerd_byte.o)
 .data          0x000000000080011b        0x0 /usr/lib/gcc/avr/9.2.0/../../../../avr/lib/avr5/libatmega324pa.a(eewr_byte.o)
 .data          0x000000000080011b        0x0 /usr/lib/gcc/avr/9.2.0/avr5/libgcc.a(_prologue.o)
 .data          0x000000000080011b        0x0 /usr/lib/gcc/avr/9.2.0/avr5/libgcc.a(_epilogue.o)
 *(.data*)
 *(.gnu.linkonce.d*)
 *(.rodata)
 .rodata        0x000000000080011b       0x10 ../../lib_dir/libcommune.a(clavier_lib.o)
 *(.rodata*)
 .rodata.str1.1
                0x000000000080012b      0x10e main.o
 .rodata.str1.1
                0x0000000000800239       0x2c ../../lib_dir/libcommune.a(Option2.o)
 .rodata.str1.1
                0x0000000000800265       0x43 ../../lib_dir/libcommune.a(Horloge.o)
 .rodata.str1.1
                0x00000000008002a8       0x11 ../../lib_dir/libcommune.a(customprocs.o)
 .rodata.str1.1
                0x00000000008002b9        0x9 ../../lib_dir/libcommune.a(lcm_so1602dtr_m_fw.o)
 .rodata.str1.1
                0x00000000008002c2       0xed ../../lib_dir/libcommune.a(action_lib.o)
 .rodata.str1.1
                0x00000000008003af       0x1a ../../lib_dir/libcommune.a(Projet.o)
 .rodata.str1.1
                0x00000000008003c9        0x3 ../../lib_dir/libcommune.a(Tableaux.o)
 *(.gnu.linkonce.r*)
                0x00000000008003cc                . = ALIGN (0x2)
 *fill*         0x00000000008003c9        0x1 
                0x00000000008003ca                _edata = .
                0x00000000008003ca                PROVIDE (__data_end = .)

.bss            0x00000000008003ca       0x62
                0x00000000008003ca                PROVIDE (__bss_start = .)
 *(.bss)
 .bss           0x00000000008003ca        0x0 /usr/lib/gcc/avr/9.2.0/../../../../avr/lib/avr5/crtatmega324pa.o
 .bss           0x00000000008003ca       0x10 main.o
                0x00000000008003ca                disp
                0x00000000008003d4                interruptionButton
                0x00000000008003d5                compteurTemps
                0x00000000008003d9                etatPresent
 .bss           0x00000000008003da        0x0 /usr/lib/gcc/avr/9.2.0/../../../../avr/lib/avr5/libm.a(addsf3.o)
 .bss           0x00000000008003da        0x0 /usr/lib/gcc/avr/9.2.0/../../../../avr/lib/avr5/libm.a(addsf3x.o)
 .bss           0x00000000008003da        0x0 /usr/lib/gcc/avr/9.2.0/../../../../avr/lib/avr5/libm.a(cmpsf2.o)
 .bss           0x00000000008003da        0x0 /usr/lib/gcc/avr/9.2.0/../../../../avr/lib/avr5/libm.a(divsf3.o)
 .bss           0x00000000008003da        0x0 /usr/lib/gcc/avr/9.2.0/../../../../avr/lib/avr5/libm.a(divsf3x.o)
 .bss           0x00000000008003da        0x0 /usr/lib/gcc/avr/9.2.0/../../../../avr/lib/avr5/libm.a(floatsisf.o)
 .bss           0x00000000008003da        0x0 /usr/lib/gcc/avr/9.2.0/../../../../avr/lib/avr5/libm.a(fp_cmp.o)
 .bss           0x00000000008003da        0x0 /usr/lib/gcc/avr/9.2.0/../../../../avr/lib/avr5/libm.a(fp_inf.o)
 .bss           0x00000000008003da        0x0 /usr/lib/gcc/avr/9.2.0/../../../../avr/lib/avr5/libm.a(fp_nan.o)
 .bss           0x00000000008003da        0x0 /usr/lib/gcc/avr/9.2.0/../../../../avr/lib/avr5/libm.a(fp_pscA.o)
 .bss           0x00000000008003da        0x0 /usr/lib/gcc/avr/9.2.0/../../../../avr/lib/avr5/libm.a(fp_pscB.o)
 .bss           0x00000000008003da        0x0 /usr/lib/gcc/avr/9.2.0/../../../../avr/lib/avr5/libm.a(fp_round.o)
 .bss           0x00000000008003da        0x0 /usr/lib/gcc/avr/9.2.0/../../../../avr/lib/avr5/libm.a(fp_split3.o)
 .bss           0x00000000008003da        0x0 /usr/lib/gcc/avr/9.2.0/../../../../avr/lib/avr5/libm.a(fp_zero.o)
 .bss           0x00000000008003da        0x0 ../../lib_dir/libcommune.a(can.o)
 .bss           0x00000000008003da        0x0 ../../lib_dir/libcommune.a(RS232.o)
 .bss           0x00000000008003da        0x0 ../../lib_dir/libcommune.a(Timer1.o)
 .bss           0x00000000008003da        0xb ../../lib_dir/libcommune.a(Option2.o)
                0x00000000008003da                tableauChar
                0x00000000008003de                degree
                0x00000000008003e2                actualAction
                0x00000000008003e3                current
                0x00000000008003e4                courrante
 .bss           0x00000000008003e5        0x0 ../../lib_dir/libcommune.a(Horloge.o)
 .bss           0x00000000008003e5        0x0 ../../lib_dir/libcommune.a(customprocs.o)
 .bss           0x00000000008003e5        0x0 ../../lib_dir/libcommune.a(Interruption.o)
 .bss           0x00000000008003e5        0x0 ../../lib_dir/libcommune.a(clavier_lib.o)
 .bss           0x00000000008003e5        0x0 ../../lib_dir/libcommune.a(lcm_so1602dtr_m_fw.o)
 .bss           0x00000000008003e5        0x0 ../../lib_dir/libcommune.a(Sonar.o)
 .bss           0x00000000008003e5        0x0 ../../lib_dir/libcommune.a(action_lib.o)
 .bss           0x00000000008003e5        0x0 ../../lib_dir/libcommune.a(ServoMoteur.o)
 .bss           0x00000000008003e5        0x0 ../../lib_dir/libcommune.a(PWM.o)
 .bss           0x00000000008003e5        0x0 ../../lib_dir/libcommune.a(Projet.o)
 .bss           0x00000000008003e5       0x43 ../../lib_dir/libcommune.a(barresDEL.o)
                0x00000000008003e5                etatDesPortes
                0x0000000000800427                ouvrir
 .bss           0x0000000000800428        0x0 ../../lib_dir/libcommune.a(lcm_so1602dtr_m.o)
 .bss           0x0000000000800428        0x0 ../../lib_dir/libcommune.a(Tableaux.o)
 .bss           0x0000000000800428        0x0 /usr/lib/gcc/avr/9.2.0/avr5/libgcc.a(_udivmodqi4.o)
 .bss           0x0000000000800428        0x0 /usr/lib/gcc/avr/9.2.0/avr5/libgcc.a(_udivmodhi4.o)
 .bss           0x0000000000800428        0x0 /usr/lib/gcc/avr/9.2.0/avr5/libgcc.a(_divmodhi4.o)
 .bss           0x0000000000800428        0x0 /usr/lib/gcc/avr/9.2.0/avr5/libgcc.a(_exit.o)
 .bss           0x0000000000800428        0x0 /usr/lib/gcc/avr/9.2.0/avr5/libgcc.a(_copy_data.o)
 .bss           0x0000000000800428        0x0 /usr/lib/gcc/avr/9.2.0/avr5/libgcc.a(_clear_bss.o)
 .bss           0x0000000000800428        0x0 /usr/lib/gcc/avr/9.2.0/avr5/libgcc.a(_ctors.o)
 .bss           0x0000000000800428        0x0 /usr/lib/gcc/avr/9.2.0/avr5/libgcc.a(_dtors.o)
 .bss           0x0000000000800428        0x0 /usr/lib/gcc/avr/9.2.0/avr5/libgcc.a(_tablejump2.o)
 .bss           0x0000000000800428        0x0 /usr/lib/gcc/avr/9.2.0/../../../../avr/lib/avr5/libm.a(fixunssfsi.o)
 .bss           0x0000000000800428        0x0 /usr/lib/gcc/avr/9.2.0/../../../../avr/lib/avr5/libm.a(gesf2.o)
 .bss           0x0000000000800428        0x0 /usr/lib/gcc/avr/9.2.0/../../../../avr/lib/avr5/libm.a(mulsf3.o)
 .bss           0x0000000000800428        0x0 /usr/lib/gcc/avr/9.2.0/../../../../avr/lib/avr5/libm.a(mulsf3x.o)
 .bss           0x0000000000800428        0x0 /usr/lib/gcc/avr/9.2.0/../../../../avr/lib/avr5/libm.a(pow.o)
 .bss           0x0000000000800428        0x0 /usr/lib/gcc/avr/9.2.0/../../../../avr/lib/avr5/libm.a(exp.o)
 .bss           0x0000000000800428        0x0 /usr/lib/gcc/avr/9.2.0/../../../../avr/lib/avr5/libm.a(fp_powser.o)
 .bss           0x0000000000800428        0x0 /usr/lib/gcc/avr/9.2.0/../../../../avr/lib/avr5/libm.a(inverse.o)
 .bss           0x0000000000800428        0x0 /usr/lib/gcc/avr/9.2.0/../../../../avr/lib/avr5/libm.a(ldexp.o)
 .bss           0x0000000000800428        0x0 /usr/lib/gcc/avr/9.2.0/../../../../avr/lib/avr5/libm.a(log.o)
 .bss           0x0000000000800428        0x0 /usr/lib/gcc/avr/9.2.0/../../../../avr/lib/avr5/libm.a(modf.o)
 .bss           0x0000000000800428        0x0 /usr/lib/gcc/avr/9.2.0/../../../../avr/lib/avr5/libm.a(fp_mpack.o)
 .bss           0x0000000000800428        0x0 /usr/lib/gcc/avr/9.2.0/../../../../avr/lib/avr5/libc.a(malloc.o)
 .bss           0x0000000000800428        0x0 /usr/lib/gcc/avr/9.2.0/../../../../avr/lib/avr5/libc.a(sprintf.o)
 .bss           0x0000000000800428        0x0 /usr/lib/gcc/avr/9.2.0/../../../../avr/lib/avr5/libc.a(vfprintf_std.o)
 .bss           0x0000000000800428        0x0 /usr/lib/gcc/avr/9.2.0/../../../../avr/lib/avr5/libc.a(strnlen_P.o)
 .bss           0x0000000000800428        0x0 /usr/lib/gcc/avr/9.2.0/../../../../avr/lib/avr5/libc.a(strnlen.o)
 .bss           0x0000000000800428        0x0 /usr/lib/gcc/avr/9.2.0/../../../../avr/lib/avr5/libc.a(fputc.o)
 .bss           0x0000000000800428        0x0 /usr/lib/gcc/avr/9.2.0/../../../../avr/lib/avr5/libc.a(ultoa_invert.o)
 .bss           0x0000000000800428        0x0 /usr/lib/gcc/avr/9.2.0/../../../../avr/lib/avr5/libatmega324pa.a(eerd_byte.o)
 .bss           0x0000000000800428        0x0 /usr/lib/gcc/avr/9.2.0/../../../../avr/lib/avr5/libatmega324pa.a(eewr_byte.o)
 .bss           0x0000000000800428        0x0 /usr/lib/gcc/avr/9.2.0/avr5/libgcc.a(_prologue.o)
 .bss           0x0000000000800428        0x0 /usr/lib/gcc/avr/9.2.0/avr5/libgcc.a(_epilogue.o)
 *(.bss*)
 *(COMMON)
 COMMON         0x0000000000800428        0x4 /usr/lib/gcc/avr/9.2.0/../../../../avr/lib/avr5/libc.a(malloc.o)
                0x0000000000800428                __brkval
                0x000000000080042a                __flp
                0x000000000080042c                PROVIDE (__bss_end = .)
                0x00000000000037fe                __data_load_start = LOADADDR (.data)
                0x0000000000003ac8                __data_load_end = (__data_load_start + SIZEOF (.data))

.noinit         0x000000000080042c        0x0
                [!provide]                        PROVIDE (__noinit_start = .)
 *(.noinit*)
                [!provide]                        PROVIDE (__noinit_end = .)
                0x000000000080042c                _end = .
                0x000000000080042c                PROVIDE (__heap_start = .)

.eeprom         0x0000000000810000        0x0
 *(.eeprom*)
                0x0000000000810000                __eeprom_end = .

.fuse
 *(.fuse)
 *(.lfuse)
 *(.hfuse)
 *(.efuse)

.lock
 *(.lock*)

.signature
 *(.signature*)

.stab           0x0000000000000000     0xc6c0
 *(.stab)
 .stab          0x0000000000000000     0x105c main.o
 .stab          0x000000000000105c      0x66c ../../lib_dir/libcommune.a(can.o)
                                        0x678 (size before relaxing)
 .stab          0x00000000000016c8      0xaa4 ../../lib_dir/libcommune.a(RS232.o)
                                        0xab0 (size before relaxing)
 .stab          0x000000000000216c      0x864 ../../lib_dir/libcommune.a(Timer1.o)
                                        0x870 (size before relaxing)
 .stab          0x00000000000029d0      0x954 ../../lib_dir/libcommune.a(Option2.o)
                                        0x960 (size before relaxing)
 .stab          0x0000000000003324      0x9fc ../../lib_dir/libcommune.a(Horloge.o)
                                        0xa08 (size before relaxing)
 .stab          0x0000000000003d20      0x744 ../../lib_dir/libcommune.a(customprocs.o)
                                        0x750 (size before relaxing)
 .stab          0x0000000000004464      0x5e8 ../../lib_dir/libcommune.a(Interruption.o)
                                        0x5f4 (size before relaxing)
 .stab          0x0000000000004a4c      0x774 ../../lib_dir/libcommune.a(clavier_lib.o)
                                        0x780 (size before relaxing)
 .stab          0x00000000000051c0     0x1038 ../../lib_dir/libcommune.a(lcm_so1602dtr_m_fw.o)
                                       0x1044 (size before relaxing)
 .stab          0x00000000000061f8      0x690 ../../lib_dir/libcommune.a(Sonar.o)
                                        0x69c (size before relaxing)
 .stab          0x0000000000006888     0x1680 ../../lib_dir/libcommune.a(action_lib.o)
                                       0x168c (size before relaxing)
 .stab          0x0000000000007f08      0x738 ../../lib_dir/libcommune.a(ServoMoteur.o)
                                        0x744 (size before relaxing)
 .stab          0x0000000000008640      0x744 ../../lib_dir/libcommune.a(PWM.o)
                                        0x750 (size before relaxing)
 .stab          0x0000000000008d84      0x9f0 ../../lib_dir/libcommune.a(Projet.o)
                                        0x9fc (size before relaxing)
 .stab          0x0000000000009774     0x10c8 ../../lib_dir/libcommune.a(barresDEL.o)
                                       0x10d4 (size before relaxing)
 .stab          0x000000000000a83c      0xc84 ../../lib_dir/libcommune.a(lcm_so1602dtr_m.o)
                                        0xc90 (size before relaxing)
 .stab          0x000000000000b4c0      0x6fc ../../lib_dir/libcommune.a(Tableaux.o)
                                        0x708 (size before relaxing)
 .stab          0x000000000000bbbc       0xe4 /usr/lib/gcc/avr/9.2.0/avr5/libgcc.a(_udivmodqi4.o)
                                         0xf0 (size before relaxing)
 .stab          0x000000000000bca0      0x15c /usr/lib/gcc/avr/9.2.0/avr5/libgcc.a(_udivmodhi4.o)
                                        0x168 (size before relaxing)
 .stab          0x000000000000bdfc      0x138 /usr/lib/gcc/avr/9.2.0/avr5/libgcc.a(_divmodhi4.o)
                                        0x144 (size before relaxing)
 .stab          0x000000000000bf34       0x6c /usr/lib/gcc/avr/9.2.0/avr5/libgcc.a(_exit.o)
                                         0x78 (size before relaxing)
 .stab          0x000000000000bfa0       0xd8 /usr/lib/gcc/avr/9.2.0/avr5/libgcc.a(_copy_data.o)
                                         0xe4 (size before relaxing)
 .stab          0x000000000000c078       0xb4 /usr/lib/gcc/avr/9.2.0/avr5/libgcc.a(_clear_bss.o)
                                         0xc0 (size before relaxing)
 .stab          0x000000000000c12c       0xd8 /usr/lib/gcc/avr/9.2.0/avr5/libgcc.a(_ctors.o)
                                         0xe4 (size before relaxing)
 .stab          0x000000000000c204       0xd8 /usr/lib/gcc/avr/9.2.0/avr5/libgcc.a(_dtors.o)
                                         0xe4 (size before relaxing)
 .stab          0x000000000000c2dc       0x9c /usr/lib/gcc/avr/9.2.0/avr5/libgcc.a(_tablejump2.o)
                                         0xa8 (size before relaxing)
 .stab          0x000000000000c378      0x1a4 /usr/lib/gcc/avr/9.2.0/avr5/libgcc.a(_prologue.o)
                                        0x1b0 (size before relaxing)
 .stab          0x000000000000c51c      0x1a4 /usr/lib/gcc/avr/9.2.0/avr5/libgcc.a(_epilogue.o)
                                        0x1b0 (size before relaxing)

.stabstr        0x0000000000000000     0x5de1
 *(.stabstr)
 .stabstr       0x0000000000000000     0x5de1 main.o

.stab.excl
 *(.stab.excl)

.stab.exclstr
 *(.stab.exclstr)

.stab.index
 *(.stab.index)

.stab.indexstr
 *(.stab.indexstr)

.comment        0x0000000000000000       0x42
 *(.comment)
 .comment       0x0000000000000000       0x21 main.o
                                         0x22 (size before relaxing)
 .comment       0x0000000000000021       0x22 ../../lib_dir/libcommune.a(can.o)
 .comment       0x0000000000000021       0x22 ../../lib_dir/libcommune.a(RS232.o)
 .comment       0x0000000000000021       0x22 ../../lib_dir/libcommune.a(Timer1.o)
 .comment       0x0000000000000021       0x22 ../../lib_dir/libcommune.a(Option2.o)
 .comment       0x0000000000000021       0x22 ../../lib_dir/libcommune.a(Horloge.o)
 .comment       0x0000000000000021       0x22 ../../lib_dir/libcommune.a(customprocs.o)
 .comment       0x0000000000000021       0x22 ../../lib_dir/libcommune.a(Interruption.o)
 .comment       0x0000000000000021       0x22 ../../lib_dir/libcommune.a(clavier_lib.o)
 .comment       0x0000000000000021       0x22 ../../lib_dir/libcommune.a(lcm_so1602dtr_m_fw.o)
 .comment       0x0000000000000021       0x22 ../../lib_dir/libcommune.a(Sonar.o)
 .comment       0x0000000000000021       0x22 ../../lib_dir/libcommune.a(action_lib.o)
 .comment       0x0000000000000021       0x22 ../../lib_dir/libcommune.a(ServoMoteur.o)
 .comment       0x0000000000000021       0x22 ../../lib_dir/libcommune.a(PWM.o)
 .comment       0x0000000000000021       0x22 ../../lib_dir/libcommune.a(Projet.o)
 .comment       0x0000000000000021       0x22 ../../lib_dir/libcommune.a(barresDEL.o)
 .comment       0x0000000000000021       0x22 ../../lib_dir/libcommune.a(lcm_so1602dtr_m.o)
 .comment       0x0000000000000021       0x22 ../../lib_dir/libcommune.a(Tableaux.o)
 .comment       0x0000000000000021       0x21 /usr/lib/gcc/avr/9.2.0/../../../../avr/lib/avr5/libc.a(malloc.o)
                                         0x22 (size before relaxing)
 .comment       0x0000000000000042       0x22 /usr/lib/gcc/avr/9.2.0/../../../../avr/lib/avr5/libc.a(sprintf.o)
 .comment       0x0000000000000042       0x22 /usr/lib/gcc/avr/9.2.0/../../../../avr/lib/avr5/libc.a(vfprintf_std.o)
 .comment       0x0000000000000042       0x22 /usr/lib/gcc/avr/9.2.0/../../../../avr/lib/avr5/libc.a(fputc.o)

.note.gnu.avr.deviceinfo
                0x0000000000000000       0x40
 .note.gnu.avr.deviceinfo
                0x0000000000000000       0x40 /usr/lib/gcc/avr/9.2.0/../../../../avr/lib/avr5/crtatmega324pa.o

.note.gnu.build-id
 *(.note.gnu.build-id)

.debug
 *(.debug)

.line
 *(.line)

.debug_srcinfo
 *(.debug_srcinfo)

.debug_sfnames
 *(.debug_sfnames)

.debug_aranges
 *(.debug_aranges)

.debug_pubnames
 *(.debug_pubnames)

.debug_info     0x0000000000000000      0x6cc
 *(.debug_info .gnu.linkonce.wi.*)
 .debug_info    0x0000000000000000      0x6cc /usr/lib/gcc/avr/9.2.0/../../../../avr/lib/avr5/crtatmega324pa.o

.debug_abbrev   0x0000000000000000      0x66e
 *(.debug_abbrev)
 .debug_abbrev  0x0000000000000000      0x66e /usr/lib/gcc/avr/9.2.0/../../../../avr/lib/avr5/crtatmega324pa.o

.debug_line     0x0000000000000000       0x1d
 *(.debug_line .debug_line.* .debug_line_end)
 .debug_line    0x0000000000000000       0x1d /usr/lib/gcc/avr/9.2.0/../../../../avr/lib/avr5/crtatmega324pa.o

.debug_frame
 *(.debug_frame)

.debug_str      0x0000000000000000      0x255
 *(.debug_str)
 .debug_str     0x0000000000000000      0x255 /usr/lib/gcc/avr/9.2.0/../../../../avr/lib/avr5/crtatmega324pa.o

.debug_loc
 *(.debug_loc)

.debug_macinfo
 *(.debug_macinfo)

.debug_weaknames
 *(.debug_weaknames)

.debug_funcnames
 *(.debug_funcnames)

.debug_typenames
 *(.debug_typenames)

.debug_varnames
 *(.debug_varnames)

.debug_pubtypes
 *(.debug_pubtypes)

.debug_ranges
 *(.debug_ranges)

.debug_macro
 *(.debug_macro)

.debug_addr
 *(.debug_addr)
OUTPUT(main.elf elf32-avr)
LOAD linker stubs
